    Checking trnm-contracts v0.1.0 (/home/runner/work/trillionnium-os/trillionnium-os/source/crates/trnm-contracts)
    Checking typenum v1.20.1
    Checking cfg-if v1.0.4
    Checking libc v0.2.189
    Checking cmov v0.5.4
    Checking const-oid v0.10.2
    Checking ctutils v0.4.2
    Checking rand_core v0.10.1
    Checking tinyvec_macros v0.1.1
    Checking cpufeatures v0.3.1
    Checking tinyvec v1.12.0
    Checking bytes v1.12.1
    Checking unicode-normalization v0.1.25
    Checking chacha20 v0.10.2
    Checking hybrid-array v0.4.14
    Checking futures-sink v0.3.34
    Checking unicode-bidi v0.3.18
    Checking futures-core v0.3.34
    Checking getrandom v0.4.3
    Checking unicode-properties v0.1.4
    Checking pin-project-lite v0.2.17
    Checking rand v0.10.2
    Checking mio v1.2.2
    Checking stringprep v0.1.5
    Checking socket2 v0.6.5
    Checking smallvec v1.15.2
    Checking crypto-common v0.2.2
    Checking block-buffer v0.12.1
    Checking base64 v0.22.1
    Checking scopeguard v1.2.0
    Checking byteorder v1.5.0
    Checking fallible-iterator v0.2.0
    Checking memchr v2.8.3
    Checking siphasher v1.0.3
    Checking lock_api v0.4.14
    Checking phf_shared v0.13.1
    Checking tokio v1.53.1
    Checking parking_lot_core v0.9.12
    Checking futures-task v0.3.34
    Checking parking_lot v0.12.5
    Checking futures-util v0.3.34
    Checking digest v0.11.3
    Checking phf v0.13.1
    Checking md-5 v0.11.0
    Checking hmac v0.13.0
    Checking sha2 v0.11.0
    Checking futures-channel v0.3.34
    Checking whoami v2.1.3
    Checking percent-encoding v2.3.2
    Checking log v0.4.34
    Checking trnm-canonical-core v0.1.0 (/home/runner/work/trillionnium-os/trillionnium-os/source/crates/trnm-canonical-core)
    Checking trnm-token-core v0.1.0 (/home/runner/work/trillionnium-os/trillionnium-os/source/crates/trnm-token-core)
    Checking postgres-protocol v0.6.12
    Checking trnm-transport-core v0.1.0 (/home/runner/work/trillionnium-os/trillionnium-os/source/crates/trnm-transport-core)
    Checking trnm-session-core v0.1.0 (/home/runner/work/trillionnium-os/trillionnium-os/source/crates/trnm-session-core)
    Checking postgres-types v0.2.14
    Checking trnm-presence-core v0.1.0 (/home/runner/work/trillionnium-os/trillionnium-os/source/crates/trnm-presence-core)
    Checking trnm-query-core v0.1.0 (/home/runner/work/trillionnium-os/trillionnium-os/source/crates/trnm-query-core)
    Checking trnm-storage-core v0.1.0 (/home/runner/work/trillionnium-os/trillionnium-os/source/crates/trnm-storage-core)
    Checking trnm-authority-core v0.1.0 (/home/runner/work/trillionnium-os/trillionnium-os/source/crates/trnm-authority-core)
    Checking trnm-persistence-core v0.1.0 (/home/runner/work/trillionnium-os/trillionnium-os/source/crates/trnm-persistence-core)
    Checking tokio-util v0.7.19
    Checking tokio-postgres v0.7.18
    Checking postgres v0.19.14
    Checking trnm-persistence-pg v0.1.0 (/home/runner/work/trillionnium-os/trillionnium-os/source/crates/trnm-persistence-pg)
    Finished `dev` profile [unoptimized + debuginfo] target(s) in 6.91s
