The files belonging to this database system will be owned by user "postgres".
This user must also own the server process.

The database cluster will be initialized with locale "en_US.utf8".
The default database encoding has accordingly been set to "UTF8".
The default text search configuration will be set to "english".

Data page checksums are disabled.

fixing permissions on existing directory /var/lib/postgresql/data ... ok
creating subdirectories ... ok
selecting dynamic shared memory implementation ... posix
selecting default "max_connections" ... 100
selecting default "shared_buffers" ... 128MB
selecting default time zone ... UTC
creating configuration files ... ok
running bootstrap script ... ok
sh: locale: not found
2026-08-28 12:09:20.988 UTC [41] WARNING:  no usable system locales were found
performing post-bootstrap initialization ... ok
syncing data to disk ... ok


Success. You can now start the database server using:

    pg_ctl -D /var/lib/postgresql/data -l logfile start

initdb: warning: enabling "trust" authentication for local connections
initdb: hint: You can change this by editing pg_hba.conf or using the option -A, or --auth-local and --auth-host, the next time you run initdb.
waiting for server to start....2026-08-28 12:09:21.500 UTC [47] LOG:  starting PostgreSQL 17.6 on x86_64-pc-linux-musl, compiled by gcc (Alpine 14.2.0) 14.2.0, 64-bit
2026-08-28 12:09:21.501 UTC [47] LOG:  listening on Unix socket "/var/run/postgresql/.s.PGSQL.5432"
2026-08-28 12:09:21.503 UTC [50] LOG:  database system was shut down at 2026-08-28 12:09:21 UTC
2026-08-28 12:09:21.507 UTC [47] LOG:  database system is ready to accept connections
 done
server started
CREATE DATABASE


/usr/local/bin/docker-entrypoint.sh: ignoring /docker-entrypoint-initdb.d/*

waiting for server to shut down....2026-08-28 12:09:21.663 UTC [47] LOG:  received fast shutdown request
2026-08-28 12:09:21.664 UTC [47] LOG:  aborting any active transactions
2026-08-28 12:09:21.666 UTC [47] LOG:  background worker "logical replication launcher" (PID 53) exited with exit code 1
2026-08-28 12:09:21.668 UTC [48] LOG:  shutting down
2026-08-28 12:09:21.669 UTC [48] LOG:  checkpoint starting: shutdown immediate
2026-08-28 12:09:21.676 UTC [66] FATAL:  the database system is shutting down
2026-08-28 12:09:21.689 UTC [48] LOG:  checkpoint complete: wrote 925 buffers (5.6%); 0 WAL file(s) added, 0 removed, 0 recycled; write=0.017 s, sync=0.002 s, total=0.021 s; sync files=301, longest=0.001 s, average=0.001 s; distance=4255 kB, estimate=4255 kB; lsn=0/19150C8, redo lsn=0/19150C8
2026-08-28 12:09:21.698 UTC [47] LOG:  database system is shut down
 done
server stopped

PostgreSQL init process complete; ready for start up.

2026-08-28 12:09:21.788 UTC [1] LOG:  starting PostgreSQL 17.6 on x86_64-pc-linux-musl, compiled by gcc (Alpine 14.2.0) 14.2.0, 64-bit
2026-08-28 12:09:21.788 UTC [1] LOG:  listening on IPv4 address "0.0.0.0", port 5432
2026-08-28 12:09:21.788 UTC [1] LOG:  listening on IPv6 address "::", port 5432
2026-08-28 12:09:21.789 UTC [1] LOG:  listening on Unix socket "/var/run/postgresql/.s.PGSQL.5432"
2026-08-28 12:09:21.791 UTC [70] LOG:  database system was shut down at 2026-08-28 12:09:21 UTC
2026-08-28 12:09:21.797 UTC [1] LOG:  database system is ready to accept connections
2026-08-28 12:09:27.311 UTC [89] ERROR:  could not serialize access due to concurrent update
2026-08-28 12:09:27.311 UTC [89] STATEMENT:  
	                            UPDATE trnm_entity_heads
	                            SET revision = $1,
	                                last_sequence = $2,
	                                state_digest = $3,
	                                updated_at = CURRENT_TIMESTAMP
	                            WHERE tenant_id = $4 AND entity_id = $5
	                              AND revision = $6 AND authority_generation = 1
	                            
2026-08-28 12:09:27.311 UTC [88] ERROR:  could not serialize access due to concurrent update
2026-08-28 12:09:27.311 UTC [88] STATEMENT:  
	                            UPDATE trnm_entity_heads
	                            SET revision = $1,
	                                last_sequence = $2,
	                                state_digest = $3,
	                                updated_at = CURRENT_TIMESTAMP
	                            WHERE tenant_id = $4 AND entity_id = $5
	                              AND revision = $6 AND authority_generation = 1
	                            
2026-08-28 12:09:27.311 UTC [85] ERROR:  could not serialize access due to concurrent update
2026-08-28 12:09:27.311 UTC [85] STATEMENT:  
	                            UPDATE trnm_entity_heads
	                            SET revision = $1,
	                                last_sequence = $2,
	                                state_digest = $3,
	                                updated_at = CURRENT_TIMESTAMP
	                            WHERE tenant_id = $4 AND entity_id = $5
	                              AND revision = $6 AND authority_generation = 1
	                            
2026-08-28 12:09:27.311 UTC [86] ERROR:  could not serialize access due to concurrent update
2026-08-28 12:09:27.311 UTC [86] STATEMENT:  
	                            UPDATE trnm_entity_heads
	                            SET revision = $1,
	                                last_sequence = $2,
	                                state_digest = $3,
	                                updated_at = CURRENT_TIMESTAMP
	                            WHERE tenant_id = $4 AND entity_id = $5
	                              AND revision = $6 AND authority_generation = 1
	                            
2026-08-28 12:09:27.311 UTC [84] ERROR:  could not serialize access due to concurrent update
2026-08-28 12:09:27.311 UTC [84] STATEMENT:  
	                            UPDATE trnm_entity_heads
	                            SET revision = $1,
	                                last_sequence = $2,
	                                state_digest = $3,
	                                updated_at = CURRENT_TIMESTAMP
	                            WHERE tenant_id = $4 AND entity_id = $5
	                              AND revision = $6 AND authority_generation = 1
	                            
2026-08-28 12:09:27.311 UTC [87] ERROR:  could not serialize access due to concurrent update
2026-08-28 12:09:27.311 UTC [87] STATEMENT:  
	                            UPDATE trnm_entity_heads
	                            SET revision = $1,
	                                last_sequence = $2,
	                                state_digest = $3,
	                                updated_at = CURRENT_TIMESTAMP
	                            WHERE tenant_id = $4 AND entity_id = $5
	                              AND revision = $6 AND authority_generation = 1
	                            
2026-08-28 12:09:27.311 UTC [83] ERROR:  could not serialize access due to concurrent update
2026-08-28 12:09:27.311 UTC [83] STATEMENT:  
	                            UPDATE trnm_entity_heads
	                            SET revision = $1,
	                                last_sequence = $2,
	                                state_digest = $3,
	                                updated_at = CURRENT_TIMESTAMP
	                            WHERE tenant_id = $4 AND entity_id = $5
	                              AND revision = $6 AND authority_generation = 1
	                            
2026-08-28 12:09:27.362 UTC [92] ERROR:  could not serialize access due to concurrent update
2026-08-28 12:09:27.362 UTC [92] STATEMENT:  
	                            UPDATE trnm_entity_heads
	                            SET revision = $1,
	                                last_sequence = $2,
	                                state_digest = $3,
	                                updated_at = CURRENT_TIMESTAMP
	                            WHERE tenant_id = $4 AND entity_id = $5
	                              AND revision = $6 AND authority_generation = 1
	                            
2026-08-28 12:09:27.444 UTC [101] ERROR:  could not serialize access due to concurrent update
2026-08-28 12:09:27.444 UTC [101] STATEMENT:  
	            WITH candidates AS (
	        SELECT tenant_id, intent_id
	        FROM trnm_outbox
	        WHERE tenant_id = $1 AND state = 'pending'
	          AND available_at <= CURRENT_TIMESTAMP AND attempt < 32
	        ORDER BY available_at, intent_id
	        LIMIT 1 FOR UPDATE SKIP LOCKED)
	            UPDATE trnm_outbox AS outbox
	            SET state = 'leased', lease_owner = $2,
	                lease_generation = outbox.lease_generation + 1,
	                lease_expires_at = CURRENT_TIMESTAMP + INTERVAL '60 seconds',
	                attempt = outbox.attempt + 1,
	                updated_at = CURRENT_TIMESTAMP
	            FROM candidates
	            WHERE outbox.tenant_id = candidates.tenant_id
	              AND outbox.intent_id = candidates.intent_id
	              AND outbox.state = 'pending'
	            RETURNING outbox.intent_id, outbox.lease_generation
	        
2026-08-28 12:09:27.446 UTC [104] ERROR:  could not serialize access due to concurrent update
2026-08-28 12:09:27.446 UTC [104] STATEMENT:  
	            WITH candidates AS (
	        SELECT tenant_id, intent_id
	        FROM trnm_outbox
	        WHERE tenant_id = $1 AND state = 'pending'
	          AND available_at <= CURRENT_TIMESTAMP AND attempt < 32
	        ORDER BY available_at, intent_id
	        LIMIT 1 FOR UPDATE SKIP LOCKED)
	            UPDATE trnm_outbox AS outbox
	            SET state = 'leased', lease_owner = $2,
	                lease_generation = outbox.lease_generation + 1,
	                lease_expires_at = CURRENT_TIMESTAMP + INTERVAL '60 seconds',
	                attempt = outbox.attempt + 1,
	                updated_at = CURRENT_TIMESTAMP
	            FROM candidates
	            WHERE outbox.tenant_id = candidates.tenant_id
	              AND outbox.intent_id = candidates.intent_id
	              AND outbox.state = 'pending'
	            RETURNING outbox.intent_id, outbox.lease_generation
	        
2026-08-28 12:09:27.450 UTC [97] ERROR:  could not serialize access due to concurrent update
2026-08-28 12:09:27.450 UTC [97] STATEMENT:  
	            WITH candidates AS (
	        SELECT tenant_id, intent_id
	        FROM trnm_outbox
	        WHERE tenant_id = $1 AND state = 'pending'
	          AND available_at <= CURRENT_TIMESTAMP AND attempt < 32
	        ORDER BY available_at, intent_id
	        LIMIT 1 FOR UPDATE SKIP LOCKED)
	            UPDATE trnm_outbox AS outbox
	            SET state = 'leased', lease_owner = $2,
	                lease_generation = outbox.lease_generation + 1,
	                lease_expires_at = CURRENT_TIMESTAMP + INTERVAL '60 seconds',
	                attempt = outbox.attempt + 1,
	                updated_at = CURRENT_TIMESTAMP
	            FROM candidates
	            WHERE outbox.tenant_id = candidates.tenant_id
	              AND outbox.intent_id = candidates.intent_id
	              AND outbox.state = 'pending'
	            RETURNING outbox.intent_id, outbox.lease_generation
	        
2026-08-28 12:09:27.453 UTC [100] ERROR:  could not serialize access due to concurrent update
2026-08-28 12:09:27.453 UTC [100] STATEMENT:  
	            WITH candidates AS (
	        SELECT tenant_id, intent_id
	        FROM trnm_outbox
	        WHERE tenant_id = $1 AND state = 'pending'
	          AND available_at <= CURRENT_TIMESTAMP AND attempt < 32
	        ORDER BY available_at, intent_id
	        LIMIT 1 FOR UPDATE SKIP LOCKED)
	            UPDATE trnm_outbox AS outbox
	            SET state = 'leased', lease_owner = $2,
	                lease_generation = outbox.lease_generation + 1,
	                lease_expires_at = CURRENT_TIMESTAMP + INTERVAL '60 seconds',
	                attempt = outbox.attempt + 1,
	                updated_at = CURRENT_TIMESTAMP
	            FROM candidates
	            WHERE outbox.tenant_id = candidates.tenant_id
	              AND outbox.intent_id = candidates.intent_id
	              AND outbox.state = 'pending'
	            RETURNING outbox.intent_id, outbox.lease_generation
	        
2026-08-28 12:09:27.453 UTC [98] ERROR:  could not serialize access due to concurrent update
2026-08-28 12:09:27.453 UTC [98] STATEMENT:  
	            WITH candidates AS (
	        SELECT tenant_id, intent_id
	        FROM trnm_outbox
	        WHERE tenant_id = $1 AND state = 'pending'
	          AND available_at <= CURRENT_TIMESTAMP AND attempt < 32
	        ORDER BY available_at, intent_id
	        LIMIT 1 FOR UPDATE SKIP LOCKED)
	            UPDATE trnm_outbox AS outbox
	            SET state = 'leased', lease_owner = $2,
	                lease_generation = outbox.lease_generation + 1,
	                lease_expires_at = CURRENT_TIMESTAMP + INTERVAL '60 seconds',
	                attempt = outbox.attempt + 1,
	                updated_at = CURRENT_TIMESTAMP
	            FROM candidates
	            WHERE outbox.tenant_id = candidates.tenant_id
	              AND outbox.intent_id = candidates.intent_id
	              AND outbox.state = 'pending'
	            RETURNING outbox.intent_id, outbox.lease_generation
	        
2026-08-28 12:09:27.455 UTC [103] ERROR:  could not serialize access due to concurrent update
2026-08-28 12:09:27.455 UTC [103] STATEMENT:  
	            WITH candidates AS (
	        SELECT tenant_id, intent_id
	        FROM trnm_outbox
	        WHERE tenant_id = $1 AND state = 'pending'
	          AND available_at <= CURRENT_TIMESTAMP AND attempt < 32
	        ORDER BY available_at, intent_id
	        LIMIT 1 FOR UPDATE SKIP LOCKED)
	            UPDATE trnm_outbox AS outbox
	            SET state = 'leased', lease_owner = $2,
	                lease_generation = outbox.lease_generation + 1,
	                lease_expires_at = CURRENT_TIMESTAMP + INTERVAL '60 seconds',
	                attempt = outbox.attempt + 1,
	                updated_at = CURRENT_TIMESTAMP
	            FROM candidates
	            WHERE outbox.tenant_id = candidates.tenant_id
	              AND outbox.intent_id = candidates.intent_id
	              AND outbox.state = 'pending'
	            RETURNING outbox.intent_id, outbox.lease_generation
	        
2026-08-28 12:09:27.456 UTC [99] ERROR:  could not serialize access due to concurrent update
2026-08-28 12:09:27.456 UTC [99] STATEMENT:  
	            WITH candidates AS (
	        SELECT tenant_id, intent_id
	        FROM trnm_outbox
	        WHERE tenant_id = $1 AND state = 'pending'
	          AND available_at <= CURRENT_TIMESTAMP AND attempt < 32
	        ORDER BY available_at, intent_id
	        LIMIT 1 FOR UPDATE SKIP LOCKED)
	            UPDATE trnm_outbox AS outbox
	            SET state = 'leased', lease_owner = $2,
	                lease_generation = outbox.lease_generation + 1,
	                lease_expires_at = CURRENT_TIMESTAMP + INTERVAL '60 seconds',
	                attempt = outbox.attempt + 1,
	                updated_at = CURRENT_TIMESTAMP
	            FROM candidates
	            WHERE outbox.tenant_id = candidates.tenant_id
	              AND outbox.intent_id = candidates.intent_id
	              AND outbox.state = 'pending'
	            RETURNING outbox.intent_id, outbox.lease_generation
	        
