The files belonging to this database system will be owned by user "postgres".
This user must also own the server process.

The database cluster will be initialized with locale "en_US.utf8".
The default database encoding has accordingly been set to "UTF8".
The default text search configuration will be set to "english".

Data page checksums are disabled.

fixing permissions on existing directory /var/lib/postgresql/data ... ok
creating subdirectories ... ok
selecting dynamic shared memory implementation ... posix
selecting default "max_connections" ... 100
selecting default "shared_buffers" ... 128MB
selecting default time zone ... UTC
creating configuration files ... ok
running bootstrap script ... ok
sh: locale: not found
2026-08-28 16:21:49.991 UTC [41] WARNING:  no usable system locales were found
performing post-bootstrap initialization ... ok
syncing data to disk ... ok


Success. You can now start the database server using:

    pg_ctl -D /var/lib/postgresql/data -l logfile start

initdb: warning: enabling "trust" authentication for local connections
initdb: hint: You can change this by editing pg_hba.conf or using the option -A, or --auth-local and --auth-host, the next time you run initdb.
waiting for server to start....2026-08-28 16:21:50.503 UTC [47] LOG:  starting PostgreSQL 17.6 on x86_64-pc-linux-musl, compiled by gcc (Alpine 14.2.0) 14.2.0, 64-bit
2026-08-28 16:21:50.503 UTC [47] LOG:  listening on Unix socket "/var/run/postgresql/.s.PGSQL.5432"
2026-08-28 16:21:50.506 UTC [50] LOG:  database system was shut down at 2026-08-28 16:21:50 UTC
2026-08-28 16:21:50.510 UTC [47] LOG:  database system is ready to accept connections
 done
server started
CREATE DATABASE


/usr/local/bin/docker-entrypoint.sh: ignoring /docker-entrypoint-initdb.d/*

waiting for server to shut down....2026-08-28 16:21:50.663 UTC [47] LOG:  received fast shutdown request
2026-08-28 16:21:50.663 UTC [47] LOG:  aborting any active transactions
2026-08-28 16:21:50.664 UTC [65] FATAL:  terminating connection due to administrator command
2026-08-28 16:21:50.669 UTC [47] LOG:  background worker "logical replication launcher" (PID 53) exited with exit code 1
2026-08-28 16:21:50.670 UTC [48] LOG:  shutting down
2026-08-28 16:21:50.671 UTC [48] LOG:  checkpoint starting: shutdown immediate
2026-08-28 16:21:50.689 UTC [48] LOG:  checkpoint complete: wrote 925 buffers (5.6%); 0 WAL file(s) added, 0 removed, 0 recycled; write=0.016 s, sync=0.002 s, total=0.019 s; sync files=301, longest=0.001 s, average=0.001 s; distance=4255 kB, estimate=4255 kB; lsn=0/19150C8, redo lsn=0/19150C8
2026-08-28 16:21:50.697 UTC [47] LOG:  database system is shut down
 done
server stopped

PostgreSQL init process complete; ready for start up.

2026-08-28 16:21:50.787 UTC [1] LOG:  starting PostgreSQL 17.6 on x86_64-pc-linux-musl, compiled by gcc (Alpine 14.2.0) 14.2.0, 64-bit
2026-08-28 16:21:50.787 UTC [1] LOG:  listening on IPv4 address "0.0.0.0", port 5432
2026-08-28 16:21:50.787 UTC [1] LOG:  listening on IPv6 address "::", port 5432
2026-08-28 16:21:50.788 UTC [1] LOG:  listening on Unix socket "/var/run/postgresql/.s.PGSQL.5432"
2026-08-28 16:21:50.791 UTC [70] LOG:  database system was shut down at 2026-08-28 16:21:50 UTC
2026-08-28 16:21:50.796 UTC [1] LOG:  database system is ready to accept connections
2026-08-28 16:21:53.540 UTC [80] ERROR:  could not serialize access due to concurrent update
2026-08-28 16:21:53.540 UTC [80] STATEMENT:  
	                            UPDATE trnm_entity_heads
	                            SET revision = $1,
	                                last_sequence = $2,
	                                state_digest = $3,
	                                updated_at = CURRENT_TIMESTAMP
	                            WHERE tenant_id = $4 AND entity_id = $5
	                              AND revision = $6 AND authority_generation = 1
	                            
2026-08-28 16:21:53.540 UTC [79] ERROR:  could not serialize access due to concurrent update
2026-08-28 16:21:53.540 UTC [79] STATEMENT:  
	                            UPDATE trnm_entity_heads
	                            SET revision = $1,
	                                last_sequence = $2,
	                                state_digest = $3,
	                                updated_at = CURRENT_TIMESTAMP
	                            WHERE tenant_id = $4 AND entity_id = $5
	                              AND revision = $6 AND authority_generation = 1
	                            
2026-08-28 16:21:53.540 UTC [77] ERROR:  could not serialize access due to concurrent update
2026-08-28 16:21:53.540 UTC [77] STATEMENT:  
	                            UPDATE trnm_entity_heads
	                            SET revision = $1,
	                                last_sequence = $2,
	                                state_digest = $3,
	                                updated_at = CURRENT_TIMESTAMP
	                            WHERE tenant_id = $4 AND entity_id = $5
	                              AND revision = $6 AND authority_generation = 1
	                            
2026-08-28 16:21:53.540 UTC [81] ERROR:  could not serialize access due to concurrent update
2026-08-28 16:21:53.540 UTC [81] STATEMENT:  
	                            UPDATE trnm_entity_heads
	                            SET revision = $1,
	                                last_sequence = $2,
	                                state_digest = $3,
	                                updated_at = CURRENT_TIMESTAMP
	                            WHERE tenant_id = $4 AND entity_id = $5
	                              AND revision = $6 AND authority_generation = 1
	                            
2026-08-28 16:21:53.540 UTC [75] ERROR:  could not serialize access due to concurrent update
2026-08-28 16:21:53.540 UTC [75] STATEMENT:  
	                            UPDATE trnm_entity_heads
	                            SET revision = $1,
	                                last_sequence = $2,
	                                state_digest = $3,
	                                updated_at = CURRENT_TIMESTAMP
	                            WHERE tenant_id = $4 AND entity_id = $5
	                              AND revision = $6 AND authority_generation = 1
	                            
2026-08-28 16:21:53.540 UTC [82] ERROR:  could not serialize access due to concurrent update
2026-08-28 16:21:53.540 UTC [82] STATEMENT:  
	                            UPDATE trnm_entity_heads
	                            SET revision = $1,
	                                last_sequence = $2,
	                                state_digest = $3,
	                                updated_at = CURRENT_TIMESTAMP
	                            WHERE tenant_id = $4 AND entity_id = $5
	                              AND revision = $6 AND authority_generation = 1
	                            
2026-08-28 16:21:53.540 UTC [76] ERROR:  could not serialize access due to concurrent update
2026-08-28 16:21:53.540 UTC [76] STATEMENT:  
	                            UPDATE trnm_entity_heads
	                            SET revision = $1,
	                                last_sequence = $2,
	                                state_digest = $3,
	                                updated_at = CURRENT_TIMESTAMP
	                            WHERE tenant_id = $4 AND entity_id = $5
	                              AND revision = $6 AND authority_generation = 1
	                            
2026-08-28 16:21:53.591 UTC [86] ERROR:  could not serialize access due to concurrent update
2026-08-28 16:21:53.591 UTC [86] STATEMENT:  
	                            UPDATE trnm_entity_heads
	                            SET revision = $1,
	                                last_sequence = $2,
	                                state_digest = $3,
	                                updated_at = CURRENT_TIMESTAMP
	                            WHERE tenant_id = $4 AND entity_id = $5
	                              AND revision = $6 AND authority_generation = 1
	                            
2026-08-28 16:21:53.676 UTC [93] ERROR:  could not serialize access due to concurrent update
2026-08-28 16:21:53.676 UTC [93] STATEMENT:  
	            WITH candidates AS (
	        SELECT tenant_id, intent_id
	        FROM trnm_outbox
	        WHERE tenant_id = $1 AND state = 'pending'
	          AND available_at <= CURRENT_TIMESTAMP AND attempt < 32
	        ORDER BY available_at, intent_id
	        LIMIT 1 FOR UPDATE SKIP LOCKED)
	            UPDATE trnm_outbox AS outbox
	            SET state = 'leased', lease_owner = $2,
	                lease_generation = outbox.lease_generation + 1,
	                lease_expires_at = CURRENT_TIMESTAMP + INTERVAL '60 seconds',
	                attempt = outbox.attempt + 1,
	                updated_at = CURRENT_TIMESTAMP
	            FROM candidates
	            WHERE outbox.tenant_id = candidates.tenant_id
	              AND outbox.intent_id = candidates.intent_id
	              AND outbox.state = 'pending'
	            RETURNING outbox.intent_id, outbox.lease_generation
	        
2026-08-28 16:21:53.677 UTC [90] ERROR:  could not serialize access due to concurrent update
2026-08-28 16:21:53.677 UTC [90] STATEMENT:  
	            WITH candidates AS (
	        SELECT tenant_id, intent_id
	        FROM trnm_outbox
	        WHERE tenant_id = $1 AND state = 'pending'
	          AND available_at <= CURRENT_TIMESTAMP AND attempt < 32
	        ORDER BY available_at, intent_id
	        LIMIT 1 FOR UPDATE SKIP LOCKED)
	            UPDATE trnm_outbox AS outbox
	            SET state = 'leased', lease_owner = $2,
	                lease_generation = outbox.lease_generation + 1,
	                lease_expires_at = CURRENT_TIMESTAMP + INTERVAL '60 seconds',
	                attempt = outbox.attempt + 1,
	                updated_at = CURRENT_TIMESTAMP
	            FROM candidates
	            WHERE outbox.tenant_id = candidates.tenant_id
	              AND outbox.intent_id = candidates.intent_id
	              AND outbox.state = 'pending'
	            RETURNING outbox.intent_id, outbox.lease_generation
	        
2026-08-28 16:21:53.678 UTC [96] ERROR:  could not serialize access due to concurrent update
2026-08-28 16:21:53.678 UTC [96] STATEMENT:  
	            WITH candidates AS (
	        SELECT tenant_id, intent_id
	        FROM trnm_outbox
	        WHERE tenant_id = $1 AND state = 'pending'
	          AND available_at <= CURRENT_TIMESTAMP AND attempt < 32
	        ORDER BY available_at, intent_id
	        LIMIT 1 FOR UPDATE SKIP LOCKED)
	            UPDATE trnm_outbox AS outbox
	            SET state = 'leased', lease_owner = $2,
	                lease_generation = outbox.lease_generation + 1,
	                lease_expires_at = CURRENT_TIMESTAMP + INTERVAL '60 seconds',
	                attempt = outbox.attempt + 1,
	                updated_at = CURRENT_TIMESTAMP
	            FROM candidates
	            WHERE outbox.tenant_id = candidates.tenant_id
	              AND outbox.intent_id = candidates.intent_id
	              AND outbox.state = 'pending'
	            RETURNING outbox.intent_id, outbox.lease_generation
	        
2026-08-28 16:21:53.679 UTC [95] ERROR:  could not serialize access due to concurrent update
2026-08-28 16:21:53.679 UTC [95] STATEMENT:  
	            WITH candidates AS (
	        SELECT tenant_id, intent_id
	        FROM trnm_outbox
	        WHERE tenant_id = $1 AND state = 'pending'
	          AND available_at <= CURRENT_TIMESTAMP AND attempt < 32
	        ORDER BY available_at, intent_id
	        LIMIT 1 FOR UPDATE SKIP LOCKED)
	            UPDATE trnm_outbox AS outbox
	            SET state = 'leased', lease_owner = $2,
	                lease_generation = outbox.lease_generation + 1,
	                lease_expires_at = CURRENT_TIMESTAMP + INTERVAL '60 seconds',
	                attempt = outbox.attempt + 1,
	                updated_at = CURRENT_TIMESTAMP
	            FROM candidates
	            WHERE outbox.tenant_id = candidates.tenant_id
	              AND outbox.intent_id = candidates.intent_id
	              AND outbox.state = 'pending'
	            RETURNING outbox.intent_id, outbox.lease_generation
	        
2026-08-28 16:21:53.682 UTC [97] ERROR:  could not serialize access due to concurrent update
2026-08-28 16:21:53.682 UTC [97] STATEMENT:  
	            WITH candidates AS (
	        SELECT tenant_id, intent_id
	        FROM trnm_outbox
	        WHERE tenant_id = $1 AND state = 'pending'
	          AND available_at <= CURRENT_TIMESTAMP AND attempt < 32
	        ORDER BY available_at, intent_id
	        LIMIT 1 FOR UPDATE SKIP LOCKED)
	            UPDATE trnm_outbox AS outbox
	            SET state = 'leased', lease_owner = $2,
	                lease_generation = outbox.lease_generation + 1,
	                lease_expires_at = CURRENT_TIMESTAMP + INTERVAL '60 seconds',
	                attempt = outbox.attempt + 1,
	                updated_at = CURRENT_TIMESTAMP
	            FROM candidates
	            WHERE outbox.tenant_id = candidates.tenant_id
	              AND outbox.intent_id = candidates.intent_id
	              AND outbox.state = 'pending'
	            RETURNING outbox.intent_id, outbox.lease_generation
	        
