The files belonging to this database system will be owned by user "postgres".
This user must also own the server process.

The database cluster will be initialized with locale "en_US.utf8".
The default database encoding has accordingly been set to "UTF8".
The default text search configuration will be set to "english".

Data page checksums are disabled.

fixing permissions on existing directory /var/lib/postgresql/data ... ok
creating subdirectories ... ok
selecting dynamic shared memory implementation ... posix
selecting default max_connections ... 100
selecting default shared_buffers ... 128MB
selecting default time zone ... Etc/UTC
creating configuration files ... ok
running bootstrap script ... ok
performing post-bootstrap initialization ... ok
syncing data to disk ... ok


Success. You can now start the database server using:

    pg_ctl -D /var/lib/postgresql/data -l logfile start

initdb: warning: enabling "trust" authentication for local connections
initdb: hint: You can change this by editing pg_hba.conf or using the option -A, or --auth-local and --auth-host, the next time you run initdb.
waiting for server to start....2026-08-28 18:41:47.489 UTC [55] LOG:  starting PostgreSQL 16.4 (Debian 16.4-1.pgdg120+2) on x86_64-pc-linux-gnu, compiled by gcc (Debian 12.2.0-14) 12.2.0, 64-bit
2026-08-28 18:41:47.490 UTC [55] LOG:  listening on Unix socket "/var/run/postgresql/.s.PGSQL.5432"
2026-08-28 18:41:47.494 UTC [64] LOG:  database system was shut down at 2026-08-28 18:41:46 UTC
2026-08-28 18:41:47.500 UTC [55] LOG:  database system is ready to accept connections
2026-08-28 18:41:47.512 UTC [68] FATAL:  database "trnm" does not exist
 done
server started
CREATE DATABASE


/usr/local/bin/docker-entrypoint.sh: ignoring /docker-entrypoint-initdb.d/*

waiting for server to shut down....2026-08-28 18:41:47.643 UTC [55] LOG:  received fast shutdown request
2026-08-28 18:41:47.644 UTC [55] LOG:  aborting any active transactions
2026-08-28 18:41:47.647 UTC [55] LOG:  background worker "logical replication launcher" (PID 67) exited with exit code 1
2026-08-28 18:41:47.647 UTC [62] LOG:  shutting down
2026-08-28 18:41:47.658 UTC [62] LOG:  checkpoint starting: shutdown immediate
2026-08-28 18:41:47.781 UTC [62] LOG:  checkpoint complete: wrote 922 buffers (5.6%); 0 WAL file(s) added, 0 removed, 0 recycled; write=0.049 s, sync=0.072 s, total=0.135 s; sync files=301, longest=0.030 s, average=0.001 s; distance=4255 kB, estimate=4255 kB; lsn=0/19120F8, redo lsn=0/19120F8
2026-08-28 18:41:47.785 UTC [55] LOG:  database system is shut down
 done
server stopped

PostgreSQL init process complete; ready for start up.

2026-08-28 18:41:47.882 UTC [1] LOG:  starting PostgreSQL 16.4 (Debian 16.4-1.pgdg120+2) on x86_64-pc-linux-gnu, compiled by gcc (Debian 12.2.0-14) 12.2.0, 64-bit
2026-08-28 18:41:47.882 UTC [1] LOG:  listening on IPv4 address "0.0.0.0", port 5432
2026-08-28 18:41:47.882 UTC [1] LOG:  listening on IPv6 address "::", port 5432
2026-08-28 18:41:47.884 UTC [1] LOG:  listening on Unix socket "/var/run/postgresql/.s.PGSQL.5432"
2026-08-28 18:41:47.927 UTC [78] LOG:  database system was shut down at 2026-08-28 18:41:47 UTC
2026-08-28 18:41:47.931 UTC [1] LOG:  database system is ready to accept connections
