The files belonging to this database system will be owned by user "postgres".
This user must also own the server process.

The database cluster will be initialized with locale "en_US.utf8".
The default database encoding has accordingly been set to "UTF8".
The default text search configuration will be set to "english".

Data page checksums are disabled.

fixing permissions on existing directory /var/lib/postgresql/data ... ok
creating subdirectories ... ok
selecting dynamic shared memory implementation ... posix
selecting default "max_connections" ... 100
selecting default "shared_buffers" ... 128MB
selecting default time zone ... UTC
creating configuration files ... ok
running bootstrap script ... ok
sh: locale: not found
2026-08-28 12:02:59.149 UTC [42] WARNING:  no usable system locales were found
performing post-bootstrap initialization ... ok
syncing data to disk ... ok
initdb: warning: enabling "trust" authentication for local connections

initdb: hint: You can change this by editing pg_hba.conf or using the option -A, or --auth-local and --auth-host, the next time you run initdb.

Success. You can now start the database server using:

    pg_ctl -D /var/lib/postgresql/data -l logfile start

waiting for server to start....2026-08-28 12:02:59.609 UTC [48] LOG:  starting PostgreSQL 17.6 on x86_64-pc-linux-musl, compiled by gcc (Alpine 14.2.0) 14.2.0, 64-bit
2026-08-28 12:02:59.610 UTC [48] LOG:  listening on Unix socket "/var/run/postgresql/.s.PGSQL.5432"
2026-08-28 12:02:59.612 UTC [51] LOG:  database system was shut down at 2026-08-28 12:02:59 UTC
2026-08-28 12:02:59.616 UTC [48] LOG:  database system is ready to accept connections
 done
server started
CREATE DATABASE


/usr/local/bin/docker-entrypoint.sh: ignoring /docker-entrypoint-initdb.d/*

waiting for server to shut down....2026-08-28 12:02:59.741 UTC [48] LOG:  received fast shutdown request
2026-08-28 12:02:59.742 UTC [48] LOG:  aborting any active transactions
2026-08-28 12:02:59.744 UTC [48] LOG:  background worker "logical replication launcher" (PID 54) exited with exit code 1
2026-08-28 12:02:59.746 UTC [49] LOG:  shutting down
2026-08-28 12:02:59.746 UTC [49] LOG:  checkpoint starting: shutdown immediate
2026-08-28 12:02:59.759 UTC [49] LOG:  checkpoint complete: wrote 925 buffers (5.6%); 0 WAL file(s) added, 0 removed, 0 recycled; write=0.008 s, sync=0.004 s, total=0.014 s; sync files=301, longest=0.003 s, average=0.001 s; distance=4255 kB, estimate=4255 kB; lsn=0/19150C8, redo lsn=0/19150C8
2026-08-28 12:02:59.763 UTC [48] LOG:  database system is shut down
 done
server stopped

PostgreSQL init process complete; ready for start up.

2026-08-28 12:02:59.862 UTC [1] LOG:  starting PostgreSQL 17.6 on x86_64-pc-linux-musl, compiled by gcc (Alpine 14.2.0) 14.2.0, 64-bit
2026-08-28 12:02:59.862 UTC [1] LOG:  listening on IPv4 address "0.0.0.0", port 5432
2026-08-28 12:02:59.862 UTC [1] LOG:  listening on IPv6 address "::", port 5432
2026-08-28 12:02:59.863 UTC [1] LOG:  listening on Unix socket "/var/run/postgresql/.s.PGSQL.5432"
2026-08-28 12:02:59.867 UTC [64] LOG:  database system was shut down at 2026-08-28 12:02:59 UTC
2026-08-28 12:02:59.871 UTC [1] LOG:  database system is ready to accept connections
2026-08-28 12:03:03.398 UTC [75] ERROR:  new row for relation "trnm_outbox" violates check constraint "trnm_outbox_payload_digest_check"
2026-08-28 12:03:03.398 UTC [75] DETAIL:  Failing row contains (10000000-0000-0000-0000-000000000001, 50000000-0000-0000-0000-000000000002, 20000000-0000-0000-0000-000000000002, 30000000-0000-0000-0000-000000000002, invalid.digest, \x6e6f742d33322d6279746573, \x6d7573742d726f6c6c6261636b, 0, 0, pending, null, null, null, null, 2026-08-28 12:03:03.397431+00, 2026-08-28 12:03:03.397431+00, 2026-08-28 12:03:03.397431+00).
2026-08-28 12:03:03.398 UTC [75] STATEMENT:  
	                    INSERT INTO trnm_outbox (
	                        tenant_id, intent_id, entity_id, command_id, kind,
	                        payload_digest, payload_bytes
	                    ) VALUES ($1, $2, $3, $4, 'invalid.digest', $5, $6)
	                    
